# AUDIO TRANSCRIPT SNAPSHOT
# session=019eacc0-063c-7452-a2f7-8bdf6e3aea7c
# preset=cognitive-flow
# scale=major_pentatonic  noteMode=path_hash  bpm=100
# generated=2026-06-09  projectRoot=60 (fixed)
# tool_call=52  words=6  tokens=0  total=58  silent=146
# ──────────────────────────────────────────────────────────────────────
t+0.070s       tool_call   read_file       other        harp    hz=  261.6  vol=0.60  pan=+0.00  bri= 6500  rv=0.06         [AI     ]
t+0.070s       tool_call   list_dir        other        harp    hz=  261.6  vol=0.60  pan=+0.00  bri= 6500  rv=0.06         [AI     ]
t+0.070s       tool_call   read_file       other        harp    hz=  261.6  vol=0.60  pan=+0.00  bri= 6500  rv=0.06         [AI     ]
t+0.070s       tool_call   read_file       other        harp    hz=  261.6  vol=0.60  pan=+0.00  bri= 6500  rv=0.06         [AI     ]
t+0.070s       tool_call   list_dir        other        harp    hz=  261.6  vol=0.60  pan=+0.00  bri= 6500  rv=0.06         [AI     ]
t+0.078s       tool_call   read_file       other        harp    hz=  261.6  vol=0.60  pan=+0.00  bri= 6500  rv=0.06         [AI     ]
t+0.078s       tool_call   read_file       other        harp    hz=  261.6  vol=0.60  pan=+0.00  bri= 6500  rv=0.06         [AI     ]
t+0.078s       tool_call   read_file       other        harp    hz=  261.6  vol=0.60  pan=+0.00  bri= 6500  rv=0.06         [AI     ]
t+0.078s       tool_call   read_file       other        harp    hz=  261.6  vol=0.60  pan=+0.00  bri= 6500  rv=0.06         [AI     ]
t+0.078s       tool_call   read_file       other        harp    hz=  261.6  vol=0.60  pan=+0.00  bri= 6500  rv=0.06         [AI     ]
t+0.078s       tool_call   read_file       other        harp    hz=  261.6  vol=0.60  pan=+0.00  bri= 6500  rv=0.06         [AI     ]
t+0.078s       tool_call   read_file       other        harp    hz=  261.6  vol=0.60  pan=+0.00  bri= 6500  rv=0.06         [AI     ]
t+0.078s       tool_call   read_file       other        harp    hz=  261.6  vol=0.60  pan=+0.00  bri= 6500  rv=0.06         [AI     ]
t+0.083s       tool_call   read_file       other        harp    hz=  261.6  vol=0.60  pan=+0.00  bri= 6500  rv=0.06         [AI     ]
t+0.083s       tool_call   read_file       other        harp    hz=  261.6  vol=0.60  pan=+0.00  bri= 6500  rv=0.06         [AI     ]
t+0.083s       tool_call   read_file       other        harp    hz=  261.6  vol=0.60  pan=+0.00  bri= 6500  rv=0.06         [AI     ]
t+0.083s       tool_call   read_file       other        harp    hz=  261.6  vol=0.60  pan=+0.00  bri= 6500  rv=0.06         [AI     ]
t+0.083s       tool_call   read_file       other        harp    hz=  261.6  vol=0.60  pan=+0.00  bri= 6500  rv=0.06         [AI     ]
t+0.083s       tool_call   read_file       other        harp    hz=  261.6  vol=0.60  pan=+0.00  bri= 6500  rv=0.06         [AI     ]
t+0.083s       tool_call   read_file       other        harp    hz=  261.6  vol=0.60  pan=+0.00  bri= 6500  rv=0.06         [AI     ]
t+0.090s       tool_call   read_file       other        harp    hz=  261.6  vol=0.60  pan=+0.00  bri= 6500  rv=0.06         [AI     ]
t+0.090s       tool_call   read_file       other        harp    hz=  261.6  vol=0.60  pan=+0.00  bri= 6500  rv=0.06         [AI     ]
t+0.091s       tool_call   read_file       other        harp    hz=  261.6  vol=0.60  pan=+0.00  bri= 6500  rv=0.06         [AI     ]
t+0.091s       tool_call   read_file       other        harp    hz=  261.6  vol=0.60  pan=+0.00  bri= 6500  rv=0.06         [AI     ]
t+0.107s       tool_call   read_file       other        harp    hz=  261.6  vol=0.60  pan=+0.00  bri= 6500  rv=0.06         [AI     ]
t+0.107s       tool_call   grep            grep_glob    bit     hz=    440  vol=0.55  pan=+0.10  bri= 5000  rv=0.03         [FILE   ]
t+0.122s       tool_call   list_dir        other        harp    hz=  261.6  vol=0.60  pan=+0.00  bri= 6500  rv=0.06         [AI     ]
t+0.136s       words        861w "**Grill-with-docs session op"  words        bell    hz=  523.3  vol=0.90  pan=+0.22  bri= 9000  rv=0.14  oct+1  [CONTEXT]
t+0.391s       words        805w "**Understood. This is a genu"  words        bell    hz=  523.3  vol=0.90  pan=+0.22  bri= 9000  rv=0.14  oct+1  [CONTEXT]
t+0.821s       tool_call   grep            grep_glob    bit     hz=  261.6  vol=0.55  pan=+0.10  bri= 5000  rv=0.03         [FILE   ]
t+0.821s       tool_call   grep            grep_glob    bit     hz=    440  vol=0.55  pan=+0.10  bri= 5000  rv=0.03         [FILE   ]
t+0.821s       tool_call   read_file       other        harp    hz=  261.6  vol=0.60  pan=+0.00  bri= 6500  rv=0.06         [AI     ]
t+0.821s       tool_call   read_file       other        harp    hz=  261.6  vol=0.60  pan=+0.00  bri= 6500  rv=0.06         [AI     ]
t+0.821s       tool_call   grep            grep_glob    bit     hz=  261.6  vol=0.55  pan=+0.10  bri= 5000  rv=0.03         [FILE   ]
t+0.844s       tool_call   grep            grep_glob    bit     hz=  329.6  vol=0.55  pan=+0.10  bri= 5000  rv=0.03         [FILE   ]
t+0.844s       tool_call   read_file       other        harp    hz=  261.6  vol=0.60  pan=+0.00  bri= 6500  rv=0.06         [AI     ]
t+0.859s       tool_call   write           write        bass    hz=  261.6  vol=1.30  pan=-0.20  bri=10000  rv=0.04         [FILE   ]
t+0.877s       words        618w "**Confirmed and captured.** "  words        bell    hz=  523.3  vol=0.90  pan=+0.22  bri= 9000  rv=0.14  oct+1  [CONTEXT]
t+1.105s       tool_call   read_file       other        harp    hz=  261.6  vol=0.60  pan=+0.00  bri= 6500  rv=0.06         [AI     ]
t+1.105s       tool_call   grep            grep_glob    bit     hz=  329.6  vol=0.55  pan=+0.10  bri= 5000  rv=0.03         [FILE   ]
t+1.120s       tool_call   search_replace  other        harp    hz=    392  vol=0.60  pan=+0.00  bri= 6500  rv=0.06         [AI     ]
t+1.120s       tool_call   search_replace  other        harp    hz=    392  vol=0.60  pan=+0.00  bri= 6500  rv=0.06         [AI     ]
t+1.136s       words        440w "**Received and integrated.**"  words        bell    hz=  523.3  vol=0.90  pan=+0.22  bri= 9000  rv=0.14  oct+1  [CONTEXT]
t+1.348s       tool_call   read_file       other        harp    hz=  261.6  vol=0.60  pan=+0.00  bri= 6500  rv=0.06         [AI     ]
t+1.361s       tool_call   search_replace  other        harp    hz=    392  vol=0.60  pan=+0.00  bri= 6500  rv=0.06         [AI     ]
t+1.361s       tool_call   search_replace  other        harp    hz=    392  vol=0.60  pan=+0.00  bri= 6500  rv=0.06         [AI     ]
t+1.361s       tool_call   search_replace  other        harp    hz=    392  vol=0.60  pan=+0.00  bri= 6500  rv=0.06         [AI     ]
t+1.377s       words        431w "**Got it. Clear and grounded"  words        bell    hz=  523.3  vol=0.90  pan=+0.22  bri= 9000  rv=0.14  oct+1  [CONTEXT]
t+1.486s       tool_call   Web search:     other        harp    hz=  261.6  vol=0.60  pan=+0.00  bri= 6500  rv=0.06         [AI     ]
t+1.486s       tool_call   Web search:     other        harp    hz=  261.6  vol=0.60  pan=+0.00  bri= 6500  rv=0.06         [AI     ]
t+1.486s       tool_call   Web search:     other        harp    hz=  261.6  vol=0.60  pan=+0.00  bri= 6500  rv=0.06         [AI     ]
t+1.486s       tool_call   Web search:     other        harp    hz=  261.6  vol=0.60  pan=+0.00  bri= 6500  rv=0.06         [AI     ]
t+1.487s       tool_call   Web search:     other        harp    hz=  261.6  vol=0.60  pan=+0.00  bri= 6500  rv=0.06         [AI     ]
t+1.502s       tool_call   Web search:     other        harp    hz=  261.6  vol=0.60  pan=+0.00  bri= 6500  rv=0.06         [AI     ]
t+1.502s       tool_call   Web search:     other        harp    hz=  261.6  vol=0.60  pan=+0.00  bri= 6500  rv=0.06         [AI     ]
t+1.502s       tool_call   Web search:     other        harp    hz=  261.6  vol=0.60  pan=+0.00  bri= 6500  rv=0.06         [AI     ]
t+1.503s       tool_call   web_fetch       other        harp    hz=  261.6  vol=0.60  pan=+0.00  bri= 6500  rv=0.06         [AI     ]
t+1.552s       words       1243w "**Prometheus model (pull-fir"  words        bell    hz=  523.3  vol=0.90  pan=+0.22  bri= 9000  rv=0.14  oct+1  [CONTEXT]
