# AUDIO TRANSCRIPT SNAPSHOT
# session=277e6422-4abb-4f90-85fd-fbdcaf9f47ee
# preset=cognitive-flow
# scale=major_pentatonic  noteMode=path_hash  bpm=100
# generated=2026-06-09  projectRoot=60 (fixed)
# tool_call=131  words=69  tokens=249  total=449  silent=469
# ──────────────────────────────────────────────────────────────────────
t+2.558s       tokens      out=   245 cr= 98%  tokens                     flute   hz=  130.8  vol=0.50  pan=+0.00  bri=  864  rv=0.02  oct-1  [CONTEXT]
t+3.101s       tokens      out=   245 cr= 98%  tokens                     flute   hz=  130.8  vol=0.50  pan=+0.00  bri=  864  rv=0.02  oct-1  [CONTEXT]
t+3.101s       words         11w "Running tests and looking at"  words        bell    hz=  523.3  vol=0.90  pan=+0.22  bri= 9000  rv=0.14  oct+1  [CONTEXT]
t+4.072s       tokens      out=   245 cr= 98%  tokens                     flute   hz=  130.8  vol=0.50  pan=+0.00  bri=  864  rv=0.02  oct-1  [CONTEXT]
t+4.072s       tool_call   Bash            bash_other   hat     hz=    440  vol=0.55  pan=-0.30  bri= 4000  rv=0.02         [SYSTEM ]
t+4.363s       tokens      out=   245 cr= 98%  tokens                     flute   hz=  130.8  vol=0.50  pan=+0.00  bri=  864  rv=0.02  oct-1  [CONTEXT]
t+4.363s       tool_call   Glob            grep_glob    bit     hz=    440  vol=0.55  pan=+0.10  bri= 5000  rv=0.03         [FILE   ]
t+21.198s      tokens      out=   166 cr= 99%  tokens                     flute   hz=  130.8  vol=0.50  pan=+0.00  bri=  826  rv=0.02  oct-1  [CONTEXT]
t+21.198s      tool_call   Bash            bash_run     kick    hz=  293.7  vol=1.00  pan=-0.32  bri= 2800  rv=0.03         [SYSTEM ]
t+21.592s      tokens      out=   166 cr= 99%  tokens                     flute   hz=  130.8  vol=0.50  pan=+0.00  bri=  826  rv=0.02  oct-1  [CONTEXT]
t+21.592s      tool_call   Read            read         harp    hz=    440  vol=0.65  pan=+0.05  bri= 6500  rv=0.05         [FILE   ]
t+25.967s      tokens      out=   279 cr= 99%  tokens                     flute   hz=  130.8  vol=0.50  pan=+0.00  bri=  844  rv=0.02  oct-1  [CONTEXT]
t+26.473s      tokens      out=   279 cr= 99%  tokens                     flute   hz=  130.8  vol=0.50  pan=+0.00  bri=  844  rv=0.02  oct-1  [CONTEXT]
t+26.473s      words         14w "Let me read the full test re"  words        bell    hz=  523.3  vol=0.90  pan=+0.22  bri= 9000  rv=0.14  oct+1  [CONTEXT]
t+29.110s      tokens      out=   279 cr= 99%  tokens                     flute   hz=  130.8  vol=0.50  pan=+0.00  bri=  844  rv=0.02  oct-1  [CONTEXT]
t+29.110s      tool_call   Read            read         harp    hz=  293.7  vol=0.65  pan=+0.05  bri= 6500  rv=0.05         [FILE   ]
t+29.739s      tokens      out=   279 cr= 99%  tokens                     flute   hz=  130.8  vol=0.50  pan=+0.00  bri=  844  rv=0.02  oct-1  [CONTEXT]
t+29.739s      tool_call   Read            read         harp    hz=    440  vol=0.65  pan=+0.05  bri= 6500  rv=0.05         [FILE   ]
t+32.840s      tokens      out=   266 cr= 99%  tokens                     flute   hz=  130.8  vol=0.50  pan=+0.00  bri=  837  rv=0.02  oct-1  [CONTEXT]
t+33.277s      tokens      out=   266 cr= 99%  tokens                     flute   hz=  130.8  vol=0.50  pan=+0.00  bri=  837  rv=0.02  oct-1  [CONTEXT]
t+33.277s      words         14w "Now let me get the test summ"  words        bell    hz=  523.3  vol=0.90  pan=+0.22  bri= 9000  rv=0.14  oct+1  [CONTEXT]
t+35.866s      tokens      out=   266 cr= 99%  tokens                     flute   hz=  130.8  vol=0.50  pan=+0.00  bri=  837  rv=0.02  oct-1  [CONTEXT]
t+35.866s      tool_call   Read            read         harp    hz=  293.7  vol=0.65  pan=+0.05  bri= 6500  rv=0.05         [FILE   ]
t+36.167s      tokens      out=   266 cr= 99%  tokens                     flute   hz=  130.8  vol=0.50  pan=+0.00  bri=  837  rv=0.02  oct-1  [CONTEXT]
t+36.167s      tool_call   Glob            grep_glob    bit     hz=  329.6  vol=0.55  pan=+0.10  bri= 5000  rv=0.03         [FILE   ]
t+39.364s      tokens      out=   210 cr= 99%  tokens                     flute   hz=  130.8  vol=0.50  pan=+0.00  bri=  826  rv=0.02  oct-1  [CONTEXT]
t+39.364s      tool_call   Read            read         harp    hz=  293.7  vol=0.65  pan=+0.05  bri= 6500  rv=0.05         [FILE   ]
t+39.827s      tokens      out=   210 cr= 99%  tokens                     flute   hz=  130.8  vol=0.50  pan=+0.00  bri=  826  rv=0.02  oct-1  [CONTEXT]
t+39.827s      tool_call   Glob            grep_glob    bit     hz=    440  vol=0.55  pan=+0.10  bri= 5000  rv=0.03         [FILE   ]
t+42.940s      tokens      out=   220 cr= 99%  tokens                     flute   hz=  130.8  vol=0.50  pan=+0.00  bri=  826  rv=0.02  oct-1  [CONTEXT]
t+42.940s      tool_call   Read            read         harp    hz=  293.7  vol=0.65  pan=+0.05  bri= 6500  rv=0.05         [FILE   ]
t+43.417s      tokens      out=   220 cr= 99%  tokens                     flute   hz=  130.8  vol=0.50  pan=+0.00  bri=  826  rv=0.02  oct-1  [CONTEXT]
t+43.417s      tool_call   Read            read         harp    hz=    440  vol=0.65  pan=+0.05  bri= 6500  rv=0.05         [FILE   ]
t+46.575s      tokens      out=   233 cr= 99%  tokens                     flute   hz=  130.8  vol=0.50  pan=+0.00  bri=  827  rv=0.02  oct-1  [CONTEXT]
t+46.602s      tokens      out=   233 cr= 99%  tokens                     flute   hz=  130.8  vol=0.50  pan=+0.00  bri=  827  rv=0.02  oct-1  [CONTEXT]
t+46.602s      words          8w "Now let me get the final tes"  words        bell    hz=  523.3  vol=0.90  pan=+0.22  bri= 9000  rv=0.14  oct+1  [CONTEXT]
t+47.290s      tokens      out=   233 cr= 99%  tokens                     flute   hz=  130.8  vol=0.50  pan=+0.00  bri=  827  rv=0.02  oct-1  [CONTEXT]
t+47.290s      tool_call   Bash            bash_run     kick    hz=  293.7  vol=1.00  pan=-0.32  bri= 2800  rv=0.03         [SYSTEM ]
t+47.826s      tokens      out=   233 cr= 99%  tokens                     flute   hz=  130.8  vol=0.50  pan=+0.00  bri=  827  rv=0.02  oct-1  [CONTEXT]
t+47.826s      tool_call   Read            read         harp    hz=    440  vol=0.65  pan=+0.05  bri= 6500  rv=0.05         [FILE   ]
t+54.374s      tokens      out=   235 cr= 99%  tokens                     flute   hz=  130.8  vol=0.50  pan=+0.00  bri=  825  rv=0.02  oct-1  [CONTEXT]
t+55.239s      tokens      out=   235 cr= 99%  tokens                     flute   hz=  130.8  vol=0.50  pan=+0.00  bri=  825  rv=0.02  oct-1  [CONTEXT]
t+55.239s      words         16w "All 1076 tests passing. Let "  words        bell    hz=  523.3  vol=0.90  pan=+0.22  bri= 9000  rv=0.14  oct+1  [CONTEXT]
t+56.082s      tokens      out=   235 cr= 99%  tokens                     flute   hz=  130.8  vol=0.50  pan=+0.00  bri=  825  rv=0.02  oct-1  [CONTEXT]
t+56.082s      tool_call   Read            read         harp    hz=    440  vol=0.65  pan=+0.05  bri= 6500  rv=0.05         [FILE   ]
t+59.385s      tokens      out=   108 cr=100%  tokens                     flute   hz=  130.8  vol=0.50  pan=+0.00  bri=  811  rv=0.02  oct-1  [CONTEXT]
t+59.385s      tool_call   Read            read         harp    hz=    440  vol=0.65  pan=+0.05  bri= 6500  rv=0.05         [FILE   ]
t+62.139s      tokens      out=    91 cr=100%  tokens                     flute   hz=  130.8  vol=0.50  pan=+0.00  bri=  809  rv=0.02  oct-1  [CONTEXT]
t+62.139s      tool_call   Read            read         harp    hz=    440  vol=0.65  pan=+0.05  bri= 6500  rv=0.05         [FILE   ]
t+76.329s      tokens      out=  1250 cr= 97%  tokens                     flute   hz=  130.8  vol=0.50  pan=+0.00  bri=  908  rv=0.02  oct-1  [CONTEXT]
t+88.561s      tokens      out=  1250 cr= 97%  tokens                     flute   hz=  130.8  vol=0.50  pan=+0.00  bri=  908  rv=0.02  oct-1  [CONTEXT]
t+88.561s      words        347w "Here's the full picture:  --"  words        bell    hz=  523.3  vol=0.90  pan=+0.22  bri= 9000  rv=0.14  oct+1  [CONTEXT]
t+570.196s     tokens      out=  1346 cr= 97%  tokens                     flute   hz=  130.8  vol=0.50  pan=+0.00  bri=  909  rv=0.02  oct-1  [CONTEXT]
t+570.756s     tokens      out=  1346 cr= 97%  tokens                     flute   hz=  130.8  vol=0.50  pan=+0.00  bri=  909  rv=0.02  oct-1  [CONTEXT]
t+570.756s     words         16w "Let me first understand the "  words        bell    hz=  523.3  vol=0.90  pan=+0.22  bri= 9000  rv=0.14  oct+1  [CONTEXT]
t+572.250s     tokens      out=  1346 cr= 97%  tokens                     flute   hz=  130.8  vol=0.50  pan=+0.00  bri=  909  rv=0.02  oct-1  [CONTEXT]
t+572.250s     tool_call   Grep            grep_glob    bit     hz=  329.6  vol=0.55  pan=+0.10  bri= 5000  rv=0.03         [FILE   ]
t+572.856s     tokens      out=  1346 cr= 97%  tokens                     flute   hz=  130.8  vol=0.50  pan=+0.00  bri=  909  rv=0.02  oct-1  [CONTEXT]
t+572.856s     tool_call   Grep            grep_glob    bit     hz=    392  vol=0.55  pan=+0.10  bri= 5000  rv=0.03         [FILE   ]
t+576.456s     tokens      out=   173 cr=100%  tokens                     flute   hz=  130.8  vol=0.50  pan=+0.00  bri=  814  rv=0.02  oct-1  [CONTEXT]
t+576.456s     tool_call   Read            read         harp    hz=    440  vol=0.65  pan=+0.05  bri= 6500  rv=0.05         [FILE   ]
t+576.937s     tokens      out=   173 cr=100%  tokens                     flute   hz=  130.8  vol=0.50  pan=+0.00  bri=  814  rv=0.02  oct-1  [CONTEXT]
t+576.937s     tool_call   Read            read         harp    hz=    392  vol=0.65  pan=+0.05  bri= 6500  rv=0.05         [FILE   ]
t+580.825s     tokens      out=   107 cr=100%  tokens                     flute   hz=  130.8  vol=0.50  pan=+0.00  bri=  808  rv=0.02  oct-1  [CONTEXT]
t+580.825s     tool_call   Read            read         harp    hz=    392  vol=0.65  pan=+0.05  bri= 6500  rv=0.05         [FILE   ]
t+711.449s     tokens      out=  7433 cr= 89%  tokens                     flute   hz=  130.8  vol=0.50  pan=+0.00  bri= 1279  rv=0.02  oct-1  [CONTEXT]
t+711.634s     tokens      out=  7433 cr= 89%  tokens                     flute   hz=  130.8  vol=0.50  pan=+0.00  bri= 1279  rv=0.02  oct-1  [CONTEXT]
t+711.634s     words         11w "Let me read the complete `14"  words        bell    hz=  523.3  vol=0.90  pan=+0.22  bri= 9000  rv=0.14  oct+1  [CONTEXT]
t+712.273s     tokens      out=  7433 cr= 89%  tokens                     flute   hz=  130.8  vol=0.50  pan=+0.00  bri= 1279  rv=0.02  oct-1  [CONTEXT]
t+712.273s     tool_call   Read            read         harp    hz=    392  vol=0.65  pan=+0.05  bri= 6500  rv=0.05         [FILE   ]
t+740.583s     tokens      out=  1361 cr= 98%  tokens                     flute   hz=  130.8  vol=0.50  pan=+0.00  bri=  890  rv=0.02  oct-1  [CONTEXT]
t+741.262s     tokens      out=  1361 cr= 98%  tokens                     flute   hz=  130.8  vol=0.50  pan=+0.00  bri=  890  rv=0.02  oct-1  [CONTEXT]
t+741.262s     tool_call   Read            read         harp    hz=    392  vol=0.65  pan=+0.05  bri= 6500  rv=0.05         [FILE   ]
t+784.826s     tokens      out=  2521 cr= 97%  tokens                     flute   hz=  130.8  vol=0.50  pan=+0.00  bri=  940  rv=0.02  oct-1  [CONTEXT]
t+786.247s     tokens      out=  2521 cr= 97%  tokens                     flute   hz=  130.8  vol=0.50  pan=+0.00  bri=  940  rv=0.02  oct-1  [CONTEXT]
t+786.247s     tool_call   Grep            grep_glob    bit     hz=  261.6  vol=0.55  pan=+0.10  bri= 5000  rv=0.03         [FILE   ]
t+786.652s     tokens      out=  2521 cr= 97%  tokens                     flute   hz=  130.8  vol=0.50  pan=+0.00  bri=  940  rv=0.02  oct-1  [CONTEXT]
t+786.652s     tool_call   Read            read         harp    hz=  261.6  vol=0.65  pan=+0.05  bri= 6500  rv=0.05         [FILE   ]
t+789.335s     tokens      out=   129 cr=100%  tokens                     flute   hz=  130.8  vol=0.50  pan=+0.00  bri=  807  rv=0.02  oct-1  [CONTEXT]
t+789.335s     tool_call   Grep            grep_glob    bit     hz=  261.6  vol=0.55  pan=+0.10  bri= 5000  rv=0.03         [FILE   ]
t+822.056s     tokens      out=  1653 cr= 98%  tokens                     flute   hz=  130.8  vol=0.50  pan=+0.00  bri=  885  rv=0.02  oct-1  [CONTEXT]
t+823.164s     tokens      out=  1653 cr= 98%  tokens                     flute   hz=  130.8  vol=0.50  pan=+0.00  bri=  885  rv=0.02  oct-1  [CONTEXT]
t+823.164s     tool_call   Read            read         harp    hz=  293.7  vol=0.65  pan=+0.05  bri= 6500  rv=0.05         [FILE   ]
t+823.428s     tokens      out=  1653 cr= 98%  tokens                     flute   hz=  130.8  vol=0.50  pan=+0.00  bri=  885  rv=0.02  oct-1  [CONTEXT]
t+823.428s     tool_call   Read            read         harp    hz=    392  vol=0.65  pan=+0.05  bri= 6500  rv=0.05         [FILE   ]
t+1094.547s    tokens      out=     8 cr=100%  tokens                     flute   hz=  130.8  vol=0.50  pan=+0.00  bri=  800  rv=0.02  oct-1  [CONTEXT]
t+1099.738s    tokens      out=     8 cr=100%  tokens                     flute   hz=  130.8  vol=0.50  pan=+0.00  bri=  800  rv=0.02  oct-1  [CONTEXT]
t+1099.738s    words        103w "Now I have the full picture."  words        bell    hz=  523.3  vol=0.90  pan=+0.22  bri= 9000  rv=0.14  oct+1  [CONTEXT]
t+1102.880s    tokens      out=     0 cr=  0%  tokens                     flute   hz=  130.8  vol=0.50  pan=+0.00  bri= 5000  rv=0.02  oct-1  [CONTEXT]
t+1102.880s    words          3w "API Error: Overloaded"         words        bell    hz=  523.3  vol=0.90  pan=+0.22  bri= 9000  rv=0.14  oct+1  [CONTEXT]
t+1249.771s    tokens      out=     8 cr=100%  tokens                     flute   hz=  130.8  vol=0.50  pan=+0.00  bri=  800  rv=0.02  oct-1  [CONTEXT]
t+1250.450s    tokens      out=     8 cr=100%  tokens                     flute   hz=  130.8  vol=0.50  pan=+0.00  bri=  800  rv=0.02  oct-1  [CONTEXT]
t+1250.450s    words          5w "Writing all four files now."   words        bell    hz=  523.3  vol=0.90  pan=+0.22  bri= 9000  rv=0.14  oct+1  [CONTEXT]
t+1267.855s    words          4w "[Request interrupted by user"  words        bell    hz=  523.3  vol=0.90  pan=+0.22  bri= 9000  rv=0.14  oct+1  [CONTEXT]
t+1282.427s    tokens      out=    78 cr=100%  tokens                     flute   hz=  130.8  vol=0.50  pan=+0.00  bri=  803  rv=0.02  oct-1  [CONTEXT]
t+1282.427s    tool_call   ToolSearch      other        harp    hz=  261.6  vol=0.60  pan=+0.00  bri= 6500  rv=0.06         [AI     ]
t+1288.550s    tokens      out=    78 cr=100%  tokens                     flute   hz=  130.8  vol=0.50  pan=+0.00  bri=  803  rv=0.02  oct-1  [CONTEXT]
t+1288.584s    tokens      out=    78 cr=100%  tokens                     flute   hz=  130.8  vol=0.50  pan=+0.00  bri=  803  rv=0.02  oct-1  [CONTEXT]
t+1288.584s    tool_call   EnterPlanMode   other        harp    hz=  261.6  vol=0.60  pan=+0.00  bri= 6500  rv=0.06         [AI     ]
t+1295.724s    tokens      out=   865 cr= 99%  tokens                     flute   hz=  130.8  vol=0.50  pan=+0.00  bri=  835  rv=0.02  oct-1  [CONTEXT]
t+1296.175s    tokens      out=   865 cr= 99%  tokens                     flute   hz=  130.8  vol=0.50  pan=+0.00  bri=  835  rv=0.02  oct-1  [CONTEXT]
t+1296.175s    words         13w "Launching exploration agents"  words        bell    hz=  523.3  vol=0.90  pan=+0.22  bri= 9000  rv=0.14  oct+1  [CONTEXT]
t+1302.464s    tokens      out=   865 cr= 99%  tokens                     flute   hz=  130.8  vol=0.50  pan=+0.00  bri=  835  rv=0.02  oct-1  [CONTEXT]
t+1302.464s    tool_call   Agent           agent        bell    hz=  523.3  vol=1.20  pan=+0.40  bri= 5000  rv=0.45  oct+1  [AI     ]
t+1306.956s    tokens      out=   865 cr= 99%  tokens                     flute   hz=  130.8  vol=0.50  pan=+0.00  bri=  835  rv=0.02  oct-1  [CONTEXT]
t+1306.956s    tool_call   Agent           agent        bell    hz=  523.3  vol=1.20  pan=+0.40  bri= 5000  rv=0.45  oct+1  [AI     ]
t+1379.548s    tokens      out=  5200 cr= 95%  tokens                     flute   hz=  130.8  vol=0.50  pan=+0.00  bri= 1001  rv=0.02  oct-1  [CONTEXT]
t+1379.941s    tokens      out=  5200 cr= 95%  tokens                     flute   hz=  130.8  vol=0.50  pan=+0.00  bri= 1001  rv=0.02  oct-1  [CONTEXT]
t+1379.941s    words         12w "Now I have everything I need"  words        bell    hz=  523.3  vol=0.90  pan=+0.22  bri= 9000  rv=0.14  oct+1  [CONTEXT]
t+1454.362s    tokens      out=  5200 cr= 95%  tokens                     flute   hz=  130.8  vol=0.50  pan=+0.00  bri= 1001  rv=0.02  oct-1  [CONTEXT]
t+1454.362s    tool_call   Agent           agent        bell    hz=  523.3  vol=1.20  pan=+0.40  bri= 5000  rv=0.45  oct+1  [AI     ]
t+1752.314s    tokens      out=  5554 cr= 95%  tokens                     flute   hz=  130.8  vol=0.50  pan=+0.00  bri=  999  rv=0.02  oct-1  [CONTEXT]
t+1752.363s    tokens      out=  5554 cr= 95%  tokens                     flute   hz=  130.8  vol=0.50  pan=+0.00  bri=  999  rv=0.02  oct-1  [CONTEXT]
t+1752.363s    words          5w "Now writing the plan file."    words        bell    hz=  523.3  vol=0.90  pan=+0.22  bri= 9000  rv=0.14  oct+1  [CONTEXT]
t+1848.571s    tokens      out=  5554 cr= 95%  tokens                     flute   hz=  130.8  vol=0.50  pan=+0.00  bri=  999  rv=0.02  oct-1  [CONTEXT]
t+1848.571s    tool_call   Write           write        bass    hz=    440  vol=1.30  pan=-0.20  bri=10000  rv=0.04         [FILE   ]
t+1851.283s    tokens      out=    78 cr=100%  tokens                     flute   hz=  130.8  vol=0.50  pan=+0.00  bri=  803  rv=0.02  oct-1  [CONTEXT]
t+1851.283s    tool_call   ToolSearch      other        harp    hz=  261.6  vol=0.60  pan=+0.00  bri= 6500  rv=0.06         [AI     ]
t+1855.499s    tokens      out=   104 cr=100%  tokens                     flute   hz=  130.8  vol=0.50  pan=+0.00  bri=  803  rv=0.02  oct-1  [CONTEXT]
t+1855.499s    tool_call   ExitPlanMode    other        harp    hz=  261.6  vol=0.60  pan=+0.00  bri= 6500  rv=0.06         [AI     ]
t+34149.789s   tokens      out= 10752 cr= 60%  tokens                     flute   hz=  130.8  vol=0.50  pan=+0.00  bri= 2500  rv=0.02  oct-1  [CONTEXT]
t+34150.310s   tokens      out= 10752 cr= 60%  tokens                     flute   hz=  130.8  vol=0.50  pan=+0.00  bri= 2500  rv=0.02  oct-1  [CONTEXT]
t+34150.310s   words          6w "Implementing in sequence. St"  words        bell    hz=  523.3  vol=0.90  pan=+0.22  bri= 9000  rv=0.14  oct+1  [CONTEXT]
t+34288.657s   tokens      out= 10752 cr= 60%  tokens                     flute   hz=  130.8  vol=0.50  pan=+0.00  bri= 2500  rv=0.02  oct-1  [CONTEXT]
t+34288.657s   tool_call   Write           write        bass    hz=    392  vol=1.30  pan=-0.20  bri=10000  rv=0.04         [FILE   ]
t+34292.290s   tokens      out=  4340 cr= 97%  tokens                     flute   hz=  130.8  vol=0.50  pan=+0.00  bri=  926  rv=0.02  oct-1  [CONTEXT]
t+34292.290s   words          3w "Now the template:"             words        bell    hz=  523.3  vol=0.90  pan=+0.22  bri= 9000  rv=0.14  oct+1  [CONTEXT]
t+34351.352s   tokens      out=  4340 cr= 97%  tokens                     flute   hz=  130.8  vol=0.50  pan=+0.00  bri=  926  rv=0.02  oct-1  [CONTEXT]
t+34351.352s   tool_call   Write           write        bass    hz=    440  vol=1.30  pan=-0.20  bri=10000  rv=0.04         [FILE   ]
t+34354.586s   tokens      out= 16445 cr= 90%  tokens                     flute   hz=  130.8  vol=0.50  pan=+0.00  bri= 1211  rv=0.02  oct-1  [CONTEXT]
t+34354.586s   words          6w "Now the full DAW builder rew"  words        bell    hz=  523.3  vol=0.90  pan=+0.22  bri= 9000  rv=0.14  oct+1  [CONTEXT]
t+34566.426s   tokens      out= 16445 cr= 90%  tokens                     flute   hz=  130.8  vol=0.50  pan=+0.00  bri= 1211  rv=0.02  oct-1  [CONTEXT]
t+34566.426s   tool_call   Write           write        bass    hz=    440  vol=1.30  pan=-0.20  bri=10000  rv=0.04         [FILE   ]
t+34705.796s   tokens      out=   392 cr= 98%  tokens                     flute   hz=  130.8  vol=0.50  pan=+0.00  bri=  902  rv=0.02  oct-1  [CONTEXT]
t+34707.015s   tokens      out=   392 cr= 98%  tokens                     flute   hz=  130.8  vol=0.50  pan=+0.00  bri=  902  rv=0.02  oct-1  [CONTEXT]
t+34707.015s   words         13w "Now update `build.mjs` to st"  words        bell    hz=  523.3  vol=0.90  pan=+0.22  bri= 9000  rv=0.14  oct+1  [CONTEXT]
t+34708.010s   tokens      out=   392 cr= 98%  tokens                     flute   hz=  130.8  vol=0.50  pan=+0.00  bri=  902  rv=0.02  oct-1  [CONTEXT]
t+34708.010s   tool_call   Edit            edit         pling   hz=    440  vol=1.00  pan=-0.12  bri= 8500  rv=0.04         [FILE   ]
t+34710.567s   tokens      out=   108 cr=100%  tokens                     flute   hz=  130.8  vol=0.50  pan=+0.00  bri=  808  rv=0.02  oct-1  [CONTEXT]
t+34710.567s   words          6w "Now run the build to verify:"  words        bell    hz=  523.3  vol=0.90  pan=+0.22  bri= 9000  rv=0.14  oct+1  [CONTEXT]
t+34711.315s   tokens      out=   108 cr=100%  tokens                     flute   hz=  130.8  vol=0.50  pan=+0.00  bri=  808  rv=0.02  oct-1  [CONTEXT]
t+34711.315s   tool_call   Bash            bash_other   hat     hz=  261.6  vol=0.55  pan=-0.30  bri= 4000  rv=0.02         [SYSTEM ]
t+34716.552s   tokens      out=    87 cr=100%  tokens                     flute   hz=  130.8  vol=0.50  pan=+0.00  bri=  806  rv=0.02  oct-1  [CONTEXT]
t+34716.552s   tool_call   Bash            bash_run     kick    hz=    440  vol=1.00  pan=-0.32  bri= 2800  rv=0.03         [SYSTEM ]
t+34719.404s   tokens      out=   100 cr=100%  tokens                     flute   hz=  130.8  vol=0.50  pan=+0.00  bri=  807  rv=0.02  oct-1  [CONTEXT]
t+34719.404s   words          8w "Clean build. Now run the ful"  words        bell    hz=  523.3  vol=0.90  pan=+0.22  bri= 9000  rv=0.14  oct+1  [CONTEXT]
t+34719.879s   tokens      out=   100 cr=100%  tokens                     flute   hz=  130.8  vol=0.50  pan=+0.00  bri=  807  rv=0.02  oct-1  [CONTEXT]
t+34719.879s   tool_call   Bash            bash_run     kick    hz=  293.7  vol=1.00  pan=-0.32  bri= 2800  rv=0.03         [SYSTEM ]
t+34732.690s   tokens      out=   312 cr= 99%  tokens                     flute   hz=  130.8  vol=0.50  pan=+0.00  bri=  822  rv=0.02  oct-1  [CONTEXT]
t+34732.690s   words        107w "1076/1076 passing. Build is "  words        bell    hz=  523.3  vol=0.90  pan=+0.22  bri= 9000  rv=0.14  oct+1  [CONTEXT]
t+35298.757s   tokens      out=   811 cr= 99%  tokens                     flute   hz=  130.8  vol=0.50  pan=+0.00  bri=  856  rv=0.02  oct-1  [CONTEXT]
t+35302.335s   tokens      out=   811 cr= 99%  tokens                     flute   hz=  130.8  vol=0.50  pan=+0.00  bri=  856  rv=0.02  oct-1  [CONTEXT]
t+35302.335s   words          9w "Let me read `14-pulse-audio."  words        bell    hz=  523.3  vol=0.90  pan=+0.22  bri= 9000  rv=0.14  oct+1  [CONTEXT]
t+35302.366s   tokens      out=   811 cr= 99%  tokens                     flute   hz=  130.8  vol=0.50  pan=+0.00  bri=  856  rv=0.02  oct-1  [CONTEXT]
t+35302.366s   tool_call   Read            read         harp    hz=    392  vol=0.65  pan=+0.05  bri= 6500  rv=0.05         [FILE   ]
t+35308.205s   tokens      out=   414 cr= 99%  tokens                     flute   hz=  130.8  vol=0.50  pan=+0.00  bri=  829  rv=0.02  oct-1  [CONTEXT]
t+35309.178s   tokens      out=   414 cr= 99%  tokens                     flute   hz=  130.8  vol=0.50  pan=+0.00  bri=  829  rv=0.02  oct-1  [CONTEXT]
t+35309.178s   words         20w "Found it. `_pressureTickCoun"  words        bell    hz=  523.3  vol=0.90  pan=+0.22  bri= 9000  rv=0.14  oct+1  [CONTEXT]
t+35310.783s   tokens      out=   414 cr= 99%  tokens                     flute   hz=  130.8  vol=0.50  pan=+0.00  bri=  829  rv=0.02  oct-1  [CONTEXT]
t+35310.783s   tool_call   Edit            edit         pling   hz=    392  vol=1.00  pan=-0.12  bri= 8500  rv=0.04         [FILE   ]
t+35313.355s   tokens      out=    92 cr=100%  tokens                     flute   hz=  130.8  vol=0.50  pan=+0.00  bri=  805  rv=0.02  oct-1  [CONTEXT]
t+35313.355s   tool_call   Bash            bash_run     kick    hz=  261.6  vol=1.00  pan=-0.32  bri= 2800  rv=0.03         [SYSTEM ]
t+35316.530s   tokens      out=    85 cr=100%  tokens                     flute   hz=  130.8  vol=0.50  pan=+0.00  bri=  805  rv=0.02  oct-1  [CONTEXT]
t+35316.530s   tool_call   Bash            bash_run     kick    hz=  329.6  vol=1.00  pan=-0.32  bri= 2800  rv=0.03         [SYSTEM ]
t+35321.556s   tokens      out=    77 cr=100%  tokens                     flute   hz=  130.8  vol=0.50  pan=+0.00  bri=  804  rv=0.02  oct-1  [CONTEXT]
t+35321.556s   words         35w "Fixed. `_pressureTickCount` "  words        bell    hz=  523.3  vol=0.90  pan=+0.22  bri= 9000  rv=0.14  oct+1  [CONTEXT]
t+35566.629s   tokens      out=   114 cr=100%  tokens                     flute   hz=  130.8  vol=0.50  pan=+0.00  bri=  807  rv=0.02  oct-1  [CONTEXT]
t+35566.730s   tokens      out=   114 cr=100%  tokens                     flute   hz=  130.8  vol=0.50  pan=+0.00  bri=  807  rv=0.02  oct-1  [CONTEXT]
t+35566.730s   tool_call   Bash            bash_git     snare   hz=  329.6  vol=1.10  pan=-0.38  bri= 3500  rv=0.03         [SYSTEM ]
t+35570.306s   tokens      out=    78 cr=100%  tokens                     flute   hz=  130.8  vol=0.50  pan=+0.00  bri=  804  rv=0.02  oct-1  [CONTEXT]
t+35570.306s   tool_call   Bash            bash_git     snare   hz=  329.6  vol=1.10  pan=-0.38  bri= 3500  rv=0.03         [SYSTEM ]
t+35574.413s   tokens      out=   113 cr=100%  tokens                     flute   hz=  130.8  vol=0.50  pan=+0.00  bri=  806  rv=0.02  oct-1  [CONTEXT]
t+35574.413s   tool_call   Bash            bash_git     snare   hz=    392  vol=1.10  pan=-0.38  bri= 3500  rv=0.03         [SYSTEM ]
t+35587.809s   tokens      out=   477 cr= 99%  tokens                     flute   hz=  130.8  vol=0.50  pan=+0.00  bri=  827  rv=0.02  oct-1  [CONTEXT]
t+35587.809s   tool_call   Bash            bash_git     snare   hz=  329.6  vol=1.10  pan=-0.38  bri= 3500  rv=0.03         [SYSTEM ]
t+35592.237s   tokens      out=    83 cr=100%  tokens                     flute   hz=  130.8  vol=0.50  pan=+0.00  bri=  805  rv=0.02  oct-1  [CONTEXT]
t+35592.237s   tool_call   Bash            bash_git     snare   hz=  261.6  vol=1.10  pan=-0.38  bri= 3500  rv=0.03         [SYSTEM ]
t+35600.440s   tokens      out=    68 cr=100%  tokens                     flute   hz=  130.8  vol=0.50  pan=+0.00  bri=  804  rv=0.02  oct-1  [CONTEXT]
t+35600.440s   words         23w "Committed and pushed. Branch"  words        bell    hz=  523.3  vol=0.90  pan=+0.22  bri= 9000  rv=0.14  oct+1  [CONTEXT]
t+35735.550s   tokens      out=   124 cr=100%  tokens                     flute   hz=  130.8  vol=0.50  pan=+0.00  bri=  807  rv=0.02  oct-1  [CONTEXT]
t+35735.805s   tokens      out=   124 cr=100%  tokens                     flute   hz=  130.8  vol=0.50  pan=+0.00  bri=  807  rv=0.02  oct-1  [CONTEXT]
t+35735.805s   tool_call   Bash            bash_git     snare   hz=    392  vol=1.10  pan=-0.38  bri= 3500  rv=0.03         [SYSTEM ]
t+35738.517s   tokens      out=    82 cr=100%  tokens                     flute   hz=  130.8  vol=0.50  pan=+0.00  bri=  805  rv=0.02  oct-1  [CONTEXT]
t+35738.517s   tool_call   Bash            bash_git     snare   hz=  293.7  vol=1.10  pan=-0.38  bri= 3500  rv=0.03         [SYSTEM ]
t+35741.476s   tokens      out=    85 cr=100%  tokens                     flute   hz=  130.8  vol=0.50  pan=+0.00  bri=  805  rv=0.02  oct-1  [CONTEXT]
t+35741.476s   tool_call   Bash            bash_git     snare   hz=  329.6  vol=1.10  pan=-0.38  bri= 3500  rv=0.03         [SYSTEM ]
t+35788.162s   tokens      out=  2057 cr= 97%  tokens                     flute   hz=  130.8  vol=0.50  pan=+0.00  bri=  909  rv=0.02  oct-1  [CONTEXT]
t+35788.162s   tool_call   Bash            bash_other   hat     hz=    440  vol=0.55  pan=-0.30  bri= 4000  rv=0.02         [SYSTEM ]
t+35809.484s   tokens      out=  1772 cr= 98%  tokens                     flute   hz=  130.8  vol=0.50  pan=+0.00  bri=  894  rv=0.02  oct-1  [CONTEXT]
t+35809.484s   words        770w "`gh` isn't available in this"  words        bell    hz=  523.3  vol=0.90  pan=+0.22  bri= 9000  rv=0.14  oct+1  [CONTEXT]
t+36146.072s   tokens      out=  9856 cr= 88%  tokens                     flute   hz=  130.8  vol=0.50  pan=+0.00  bri= 1300  rv=0.02  oct-1  [CONTEXT]
t+36146.752s   tokens      out=  9856 cr= 88%  tokens                     flute   hz=  130.8  vol=0.50  pan=+0.00  bri= 1300  rv=0.02  oct-1  [CONTEXT]
t+36146.752s   words         19w "I'll add the 3 presets to `1"  words        bell    hz=  523.3  vol=0.90  pan=+0.22  bri= 9000  rv=0.14  oct+1  [CONTEXT]
t+36147.324s   tokens      out=  9856 cr= 88%  tokens                     flute   hz=  130.8  vol=0.50  pan=+0.00  bri= 1300  rv=0.02  oct-1  [CONTEXT]
t+36147.324s   tool_call   Read            read         harp    hz=    440  vol=0.65  pan=+0.05  bri= 6500  rv=0.05         [FILE   ]
t+36150.982s   tokens      out=   108 cr=100%  tokens                     flute   hz=  130.8  vol=0.50  pan=+0.00  bri=  806  rv=0.02  oct-1  [CONTEXT]
t+36150.982s   tool_call   Read            read         harp    hz=    440  vol=0.65  pan=+0.05  bri= 6500  rv=0.05         [FILE   ]
t+36154.282s   tokens      out=   108 cr=100%  tokens                     flute   hz=  130.8  vol=0.50  pan=+0.00  bri=  805  rv=0.02  oct-1  [CONTEXT]
t+36154.282s   tool_call   Read            read         harp    hz=    440  vol=0.65  pan=+0.05  bri= 6500  rv=0.05         [FILE   ]
t+36159.299s   tokens      out=  3299 cr= 96%  tokens                     flute   hz=  130.8  vol=0.50  pan=+0.00  bri=  954  rv=0.02  oct-1  [CONTEXT]
t+36160.583s   tokens      out=  3299 cr= 96%  tokens                     flute   hz=  130.8  vol=0.50  pan=+0.00  bri=  954  rv=0.02  oct-1  [CONTEXT]
t+36160.583s   words         16w "Now I have the full picture."  words        bell    hz=  523.3  vol=0.90  pan=+0.22  bri= 9000  rv=0.14  oct+1  [CONTEXT]
t+36204.700s   tokens      out=  3299 cr= 96%  tokens                     flute   hz=  130.8  vol=0.50  pan=+0.00  bri=  954  rv=0.02  oct-1  [CONTEXT]
t+36204.700s   tool_call   Edit            edit         pling   hz=    440  vol=1.00  pan=-0.12  bri= 8500  rv=0.04         [FILE   ]
t+36207.280s   tokens      out=   930 cr= 99%  tokens                     flute   hz=  130.8  vol=0.50  pan=+0.00  bri=  844  rv=0.02  oct-1  [CONTEXT]
t+36207.280s   words          9w "Now replace `buildProfTab` t"  words        bell    hz=  523.3  vol=0.90  pan=+0.22  bri= 9000  rv=0.14  oct+1  [CONTEXT]
t+36216.845s   tokens      out=   930 cr= 99%  tokens                     flute   hz=  130.8  vol=0.50  pan=+0.00  bri=  844  rv=0.02  oct-1  [CONTEXT]
t+36216.845s   tool_call   Edit            edit         pling   hz=    440  vol=1.00  pan=-0.12  bri= 8500  rv=0.04         [FILE   ]
t+36219.711s   tokens      out=   562 cr= 99%  tokens                     flute   hz=  130.8  vol=0.50  pan=+0.00  bri=  825  rv=0.02  oct-1  [CONTEXT]
t+36219.711s   words          7w "Now add the preset CSS to `d"  words        bell    hz=  523.3  vol=0.90  pan=+0.22  bri= 9000  rv=0.14  oct+1  [CONTEXT]
t+36225.878s   tokens      out=   562 cr= 99%  tokens                     flute   hz=  130.8  vol=0.50  pan=+0.00  bri=  825  rv=0.02  oct-1  [CONTEXT]
t+36225.878s   tool_call   Edit            edit         pling   hz=    440  vol=1.00  pan=-0.12  bri= 8500  rv=0.04         [FILE   ]
t+36228.960s   tokens      out=    98 cr=100%  tokens                     flute   hz=  130.8  vol=0.50  pan=+0.00  bri=  804  rv=0.02  oct-1  [CONTEXT]
t+36228.960s   tool_call   Bash            bash_run     kick    hz=  293.7  vol=1.00  pan=-0.32  bri= 2800  rv=0.03         [SYSTEM ]
t+36232.054s   tokens      out=    85 cr=100%  tokens                     flute   hz=  130.8  vol=0.50  pan=+0.00  bri=  804  rv=0.02  oct-1  [CONTEXT]
t+36232.054s   tool_call   Bash            bash_run     kick    hz=    440  vol=1.00  pan=-0.32  bri= 2800  rv=0.03         [SYSTEM ]
t+36248.416s   tokens      out=   414 cr=100%  tokens                     flute   hz=  130.8  vol=0.50  pan=+0.00  bri=  818  rv=0.02  oct-1  [CONTEXT]
t+36248.416s   words        234w "Clean. 1076/1076 still passi"  words        bell    hz=  523.3  vol=0.90  pan=+0.22  bri= 9000  rv=0.14  oct+1  [CONTEXT]
t+66047.211s   tokens      out=   909 cr= 95%  tokens                     flute   hz=  130.8  vol=0.50  pan=+0.00  bri= 1028  rv=0.02  oct-1  [CONTEXT]
t+66048.156s   tokens      out=   909 cr= 95%  tokens                     flute   hz=  130.8  vol=0.50  pan=+0.00  bri= 1028  rv=0.02  oct-1  [CONTEXT]
t+66048.156s   words         29w "The `body.innerHTML +=` call"  words        bell    hz=  523.3  vol=0.90  pan=+0.22  bri= 9000  rv=0.14  oct+1  [CONTEXT]
t+66048.680s   tokens      out=   909 cr= 95%  tokens                     flute   hz=  130.8  vol=0.50  pan=+0.00  bri= 1028  rv=0.02  oct-1  [CONTEXT]
t+66048.680s   tool_call   Read            read         harp    hz=    440  vol=0.65  pan=+0.05  bri= 6500  rv=0.05         [FILE   ]
t+66059.199s   tokens      out=  1439 cr= 98%  tokens                     flute   hz=  130.8  vol=0.50  pan=+0.00  bri=  863  rv=0.02  oct-1  [CONTEXT]
t+66060.535s   tokens      out=  1439 cr= 98%  tokens                     flute   hz=  130.8  vol=0.50  pan=+0.00  bri=  863  rv=0.02  oct-1  [CONTEXT]
t+66060.535s   words         32w "Confirmed — two `body.innerH"  words        bell    hz=  523.3  vol=0.90  pan=+0.22  bri= 9000  rv=0.14  oct+1  [CONTEXT]
t+66068.564s   tokens      out=  1439 cr= 98%  tokens                     flute   hz=  130.8  vol=0.50  pan=+0.00  bri=  863  rv=0.02  oct-1  [CONTEXT]
t+66068.564s   tool_call   Edit            edit         pling   hz=    440  vol=1.00  pan=-0.12  bri= 8500  rv=0.04         [FILE   ]
t+66072.772s   tokens      out=   103 cr=100%  tokens                     flute   hz=  130.8  vol=0.50  pan=+0.00  bri=  804  rv=0.02  oct-1  [CONTEXT]
t+66072.772s   tool_call   Bash            bash_run     kick    hz=  293.7  vol=1.00  pan=-0.32  bri= 2800  rv=0.03         [SYSTEM ]
t+66084.888s   tokens      out=    93 cr=100%  tokens                     flute   hz=  130.8  vol=0.50  pan=+0.00  bri=  804  rv=0.02  oct-1  [CONTEXT]
t+66084.888s   words         52w "Fixed. The two `body.innerHT"  words        bell    hz=  523.3  vol=0.90  pan=+0.22  bri= 9000  rv=0.14  oct+1  [CONTEXT]
t+66158.766s   tokens      out=   384 cr=100%  tokens                     flute   hz=  130.8  vol=0.50  pan=+0.00  bri=  816  rv=0.02  oct-1  [CONTEXT]
t+66166.377s   tokens      out=   384 cr=100%  tokens                     flute   hz=  130.8  vol=0.50  pan=+0.00  bri=  816  rv=0.02  oct-1  [CONTEXT]
t+66166.377s   words        187w "The **PROF tab** (short for "  words        bell    hz=  523.3  vol=0.90  pan=+0.22  bri= 9000  rv=0.14  oct+1  [CONTEXT]
t+66507.434s   tokens      out=   179 cr=100%  tokens                     flute   hz=  130.8  vol=0.50  pan=+0.00  bri=  808  rv=0.02  oct-1  [CONTEXT]
t+66507.461s   tokens      out=   179 cr=100%  tokens                     flute   hz=  130.8  vol=0.50  pan=+0.00  bri=  808  rv=0.02  oct-1  [CONTEXT]
t+66507.461s   tool_call   Skill           other        harp    hz=  261.6  vol=0.60  pan=+0.00  bri= 6500  rv=0.06         [AI     ]
t+66507.532s   words       1642w "Base directory for this skil"  words        bell    hz=  523.3  vol=0.90  pan=+0.22  bri= 9000  rv=0.14  oct+1  [CONTEXT]
t+66524.047s   tokens      out=  1027 cr= 99%  tokens                     flute   hz=  130.8  vol=0.50  pan=+0.00  bri=  842  rv=0.02  oct-1  [CONTEXT]
t+66524.544s   tokens      out=  1027 cr= 99%  tokens                     flute   hz=  130.8  vol=0.50  pan=+0.00  bri=  842  rv=0.02  oct-1  [CONTEXT]
t+66524.544s   words         21w "I'll run the VIEW and LOG mo"  words        bell    hz=  523.3  vol=0.90  pan=+0.22  bri= 9000  rv=0.14  oct+1  [CONTEXT]
t+66527.582s   tokens      out=  1027 cr= 99%  tokens                     flute   hz=  130.8  vol=0.50  pan=+0.00  bri=  842  rv=0.02  oct-1  [CONTEXT]
t+66527.582s   tool_call   Bash            bash_run     kick    hz=  261.6  vol=1.00  pan=-0.32  bri= 2800  rv=0.03         [SYSTEM ]
t+66551.367s   tokens      out=   344 cr=100%  tokens                     flute   hz=  130.8  vol=0.50  pan=+0.00  bri=  814  rv=0.02  oct-1  [CONTEXT]
t+66551.367s   tool_call   PowerShell      bash_other   hat     hz=    392  vol=0.55  pan=-0.30  bri= 4000  rv=0.02         [SYSTEM ]
t+66559.405s   tokens      out=  1167 cr= 99%  tokens                     flute   hz=  130.8  vol=0.50  pan=+0.00  bri=  845  rv=0.02  oct-1  [CONTEXT]
t+66559.866s   tokens      out=  1167 cr= 99%  tokens                     flute   hz=  130.8  vol=0.50  pan=+0.00  bri=  845  rv=0.02  oct-1  [CONTEXT]
t+66559.866s   words         13w "Current session: `277e6422` "  words        bell    hz=  523.3  vol=0.90  pan=+0.22  bri= 9000  rv=0.14  oct+1  [CONTEXT]
t+66574.353s   tokens      out=  1167 cr= 99%  tokens                     flute   hz=  130.8  vol=0.50  pan=+0.00  bri=  845  rv=0.02  oct-1  [CONTEXT]
t+66574.353s   tool_call   PowerShell      bash_other   hat     hz=  261.6  vol=0.55  pan=-0.30  bri= 4000  rv=0.02         [SYSTEM ]
t+66581.380s   tokens      out=  1189 cr= 99%  tokens                     flute   hz=  130.8  vol=0.50  pan=+0.00  bri=  845  rv=0.02  oct-1  [CONTEXT]
t+66591.020s   tokens      out=  1189 cr= 99%  tokens                     flute   hz=  130.8  vol=0.50  pan=+0.00  bri=  845  rv=0.02  oct-1  [CONTEXT]
t+66591.020s   tool_call   PowerShell      bash_other   hat     hz=  261.6  vol=0.55  pan=-0.30  bri= 4000  rv=0.02         [SYSTEM ]
t+66610.569s   tokens      out=  1099 cr= 99%  tokens                     flute   hz=  130.8  vol=0.50  pan=+0.00  bri=  841  rv=0.02  oct-1  [CONTEXT]
t+66610.569s   tool_call   PowerShell      bash_other   hat     hz=  261.6  vol=0.55  pan=-0.30  bri= 4000  rv=0.02         [SYSTEM ]
t+66675.153s   tokens      out=  4416 cr= 96%  tokens                     flute   hz=  130.8  vol=0.50  pan=+0.00  bri=  959  rv=0.02  oct-1  [CONTEXT]
t+66676.099s   tokens      out=  4416 cr= 96%  tokens                     flute   hz=  130.8  vol=0.50  pan=+0.00  bri=  959  rv=0.02  oct-1  [CONTEXT]
t+66676.099s   words         11w "Now I have everything. Let m"  words        bell    hz=  523.3  vol=0.90  pan=+0.22  bri= 9000  rv=0.14  oct+1  [CONTEXT]
t+66692.991s   tokens      out=  4416 cr= 96%  tokens                     flute   hz=  130.8  vol=0.50  pan=+0.00  bri=  959  rv=0.02  oct-1  [CONTEXT]
t+66692.991s   tool_call   PowerShell      bash_other   hat     hz=    440  vol=0.55  pan=-0.30  bri= 4000  rv=0.02         [SYSTEM ]
t+66715.141s   tokens      out=  1363 cr= 99%  tokens                     flute   hz=  130.8  vol=0.50  pan=+0.00  bri=  846  rv=0.02  oct-1  [CONTEXT]
t+66715.141s   tool_call   PowerShell      bash_other   hat     hz=  261.6  vol=0.55  pan=-0.30  bri= 4000  rv=0.02         [SYSTEM ]
t+66741.692s   tokens      out=  3143 cr= 98%  tokens                     flute   hz=  130.8  vol=0.50  pan=+0.00  bri=  901  rv=0.02  oct-1  [CONTEXT]
t+66791.456s   tokens      out=  3143 cr= 98%  tokens                     flute   hz=  130.8  vol=0.50  pan=+0.00  bri=  901  rv=0.02  oct-1  [CONTEXT]
t+66791.456s   words       1143w "All the data is in. Here's t"  words        bell    hz=  523.3  vol=0.90  pan=+0.22  bri= 9000  rv=0.14  oct+1  [CONTEXT]
t+67201.027s   tokens      out=  8377 cr= 94%  tokens                     flute   hz=  130.8  vol=0.50  pan=+0.00  bri= 1052  rv=0.02  oct-1  [CONTEXT]
t+67201.443s   tokens      out=  8377 cr= 94%  tokens                     flute   hz=  130.8  vol=0.50  pan=+0.00  bri= 1052  rv=0.02  oct-1  [CONTEXT]
t+67201.443s   words         13w "Let me check the existing te"  words        bell    hz=  523.3  vol=0.90  pan=+0.22  bri= 9000  rv=0.14  oct+1  [CONTEXT]
t+67202.479s   tokens      out=  8377 cr= 94%  tokens                     flute   hz=  130.8  vol=0.50  pan=+0.00  bri= 1052  rv=0.02  oct-1  [CONTEXT]
t+67202.479s   tool_call   Bash            bash_other   hat     hz=  293.7  vol=0.55  pan=-0.30  bri= 4000  rv=0.02         [SYSTEM ]
t+67205.445s   tokens      out=    89 cr=100%  tokens                     flute   hz=  130.8  vol=0.50  pan=+0.00  bri=  803  rv=0.02  oct-1  [CONTEXT]
t+67205.445s   tool_call   Read            read         harp    hz=  261.6  vol=0.65  pan=+0.05  bri= 6500  rv=0.05         [FILE   ]
t+67208.794s   tokens      out=    70 cr=100%  tokens                     flute   hz=  130.8  vol=0.50  pan=+0.00  bri=  802  rv=0.02  oct-1  [CONTEXT]
t+67208.794s   tool_call   Read            read         harp    hz=  261.6  vol=0.65  pan=+0.05  bri= 6500  rv=0.05         [FILE   ]
t+67211.841s   tokens      out=    71 cr=100%  tokens                     flute   hz=  130.8  vol=0.50  pan=+0.00  bri=  802  rv=0.02  oct-1  [CONTEXT]
t+67211.841s   tool_call   Read            read         harp    hz=    440  vol=0.65  pan=+0.05  bri= 6500  rv=0.05         [FILE   ]
t+67306.224s   tokens      out=  7996 cr= 95%  tokens                     flute   hz=  130.8  vol=0.50  pan=+0.00  bri= 1021  rv=0.02  oct-1  [CONTEXT]
t+67308.537s   tokens      out=  7996 cr= 95%  tokens                     flute   hz=  130.8  vol=0.50  pan=+0.00  bri= 1021  rv=0.02  oct-1  [CONTEXT]
t+67308.537s   words         59w "Good — I can see `parsePulse"  words        bell    hz=  523.3  vol=0.90  pan=+0.22  bri= 9000  rv=0.14  oct+1  [CONTEXT]
t+67341.070s   tokens      out=  7996 cr= 95%  tokens                     flute   hz=  130.8  vol=0.50  pan=+0.00  bri= 1021  rv=0.02  oct-1  [CONTEXT]
t+67341.070s   tool_call   Write           write        bass    hz=  261.6  vol=1.30  pan=-0.20  bri=10000  rv=0.04         [FILE   ]
t+67412.828s   tokens      out=  4959 cr= 97%  tokens                     flute   hz=  130.8  vol=0.50  pan=+0.00  bri=  937  rv=0.02  oct-1  [CONTEXT]
t+67412.828s   tool_call   Write           write        bass    hz=  261.6  vol=1.30  pan=-0.20  bri=10000  rv=0.04         [FILE   ]
t+67449.001s   tokens      out=  2661 cr= 98%  tokens                     flute   hz=  130.8  vol=0.50  pan=+0.00  bri=  871  rv=0.02  oct-1  [CONTEXT]
t+67449.001s   tool_call   Write           write        bass    hz=    392  vol=1.30  pan=-0.20  bri=10000  rv=0.04         [FILE   ]
t+67451.650s   tokens      out=  9196 cr= 95%  tokens                     flute   hz=  130.8  vol=0.50  pan=+0.00  bri= 1028  rv=0.02  oct-1  [CONTEXT]
t+67451.650s   words         17w "Now the TDD tests — write th"  words        bell    hz=  523.3  vol=0.90  pan=+0.22  bri= 9000  rv=0.14  oct+1  [CONTEXT]
t+67567.549s   tokens      out=  9196 cr= 95%  tokens                     flute   hz=  130.8  vol=0.50  pan=+0.00  bri= 1028  rv=0.02  oct-1  [CONTEXT]
t+67567.549s   tool_call   Write           write        bass    hz=  329.6  vol=1.30  pan=-0.20  bri=10000  rv=0.04         [FILE   ]
t+67864.520s   tokens      out=  9038 cr= 64%  tokens                     flute   hz=  130.8  vol=0.50  pan=+0.00  bri= 2328  rv=0.02  oct-1  [CONTEXT]
t+67865.366s   tokens      out=  9038 cr= 64%  tokens                     flute   hz=  130.8  vol=0.50  pan=+0.00  bri= 2328  rv=0.02  oct-1  [CONTEXT]
t+67865.366s   words         12w "Let me run the tests to see "  words        bell    hz=  523.3  vol=0.90  pan=+0.22  bri= 9000  rv=0.14  oct+1  [CONTEXT]
t+67866.356s   tokens      out=  9038 cr= 64%  tokens                     flute   hz=  130.8  vol=0.50  pan=+0.00  bri= 2328  rv=0.02  oct-1  [CONTEXT]
t+67866.356s   tool_call   Bash            bash_run     kick    hz=  293.7  vol=1.00  pan=-0.32  bri= 2800  rv=0.03         [SYSTEM ]
t+67873.487s   tokens      out=   343 cr= 99%  tokens                     flute   hz=  130.8  vol=0.50  pan=+0.00  bri=  823  rv=0.02  oct-1  [CONTEXT]
t+67874.849s   tokens      out=   343 cr= 99%  tokens                     flute   hz=  130.8  vol=0.50  pan=+0.00  bri=  823  rv=0.02  oct-1  [CONTEXT]
t+67874.849s   words         46w "There's a syntax error from "  words        bell    hz=  523.3  vol=0.90  pan=+0.22  bri= 9000  rv=0.14  oct+1  [CONTEXT]
t+67875.504s   tokens      out=   343 cr= 99%  tokens                     flute   hz=  130.8  vol=0.50  pan=+0.00  bri=  823  rv=0.02  oct-1  [CONTEXT]
t+67875.504s   tool_call   Read            read         harp    hz=  329.6  vol=0.65  pan=+0.05  bri= 6500  rv=0.05         [FILE   ]
t+67879.078s   tokens      out=   377 cr= 99%  tokens                     flute   hz=  130.8  vol=0.50  pan=+0.00  bri=  822  rv=0.02  oct-1  [CONTEXT]
t+67879.992s   tokens      out=   377 cr= 99%  tokens                     flute   hz=  130.8  vol=0.50  pan=+0.00  bri=  822  rv=0.02  oct-1  [CONTEXT]
t+67879.992s   words         35w "Now I'll fix the test file —"  words        bell    hz=  523.3  vol=0.90  pan=+0.22  bri= 9000  rv=0.14  oct+1  [CONTEXT]
t+67881.850s   tokens      out=   377 cr= 99%  tokens                     flute   hz=  130.8  vol=0.50  pan=+0.00  bri=  822  rv=0.02  oct-1  [CONTEXT]
t+67881.850s   tool_call   Edit            edit         pling   hz=  329.6  vol=1.00  pan=-0.12  bri= 8500  rv=0.04         [FILE   ]
t+67884.400s   tokens      out=  1166 cr= 98%  tokens                     flute   hz=  130.8  vol=0.50  pan=+0.00  bri=  867  rv=0.02  oct-1  [CONTEXT]
t+67884.400s   words         14w "Now fix the three harness pa"  words        bell    hz=  523.3  vol=0.90  pan=+0.22  bri= 9000  rv=0.14  oct+1  [CONTEXT]
t+67898.079s   tokens      out=  1166 cr= 98%  tokens                     flute   hz=  130.8  vol=0.50  pan=+0.00  bri=  867  rv=0.02  oct-1  [CONTEXT]
t+67898.079s   tool_call   Edit            edit         pling   hz=  329.6  vol=1.00  pan=-0.12  bri= 8500  rv=0.04         [FILE   ]
t+67900.854s   tokens      out=   477 cr= 99%  tokens                     flute   hz=  130.8  vol=0.50  pan=+0.00  bri=  827  rv=0.02  oct-1  [CONTEXT]
t+67900.854s   words         18w "Now fix the cache=100% test "  words        bell    hz=  523.3  vol=0.90  pan=+0.22  bri= 9000  rv=0.14  oct+1  [CONTEXT]
t+67905.814s   tokens      out=   477 cr= 99%  tokens                     flute   hz=  130.8  vol=0.50  pan=+0.00  bri=  827  rv=0.02  oct-1  [CONTEXT]
t+67905.814s   tool_call   Edit            edit         pling   hz=  329.6  vol=1.00  pan=-0.12  bri= 8500  rv=0.04         [FILE   ]
t+67908.694s   tokens      out=   537 cr= 99%  tokens                     flute   hz=  130.8  vol=0.50  pan=+0.00  bri=  830  rv=0.02  oct-1  [CONTEXT]
t+67908.694s   words         15w "Fix the snapshot test — remo"  words        bell    hz=  523.3  vol=0.90  pan=+0.22  bri= 9000  rv=0.14  oct+1  [CONTEXT]
t+67915.105s   tokens      out=   537 cr= 99%  tokens                     flute   hz=  130.8  vol=0.50  pan=+0.00  bri=  830  rv=0.02  oct-1  [CONTEXT]
t+67915.105s   tool_call   Edit            edit         pling   hz=  329.6  vol=1.00  pan=-0.12  bri= 8500  rv=0.04         [FILE   ]
t+67918.444s   tokens      out=    91 cr=100%  tokens                     flute   hz=  130.8  vol=0.50  pan=+0.00  bri=  805  rv=0.02  oct-1  [CONTEXT]
t+67918.444s   tool_call   Bash            bash_run     kick    hz=  293.7  vol=1.00  pan=-0.32  bri= 2800  rv=0.03         [SYSTEM ]
t+67921.516s   tokens      out=   138 cr=100%  tokens                     flute   hz=  130.8  vol=0.50  pan=+0.00  bri=  808  rv=0.02  oct-1  [CONTEXT]
t+67922.439s   tokens      out=   138 cr=100%  tokens                     flute   hz=  130.8  vol=0.50  pan=+0.00  bri=  808  rv=0.02  oct-1  [CONTEXT]
t+67922.439s   words         11w "69/69 pass. Now run the full"  words        bell    hz=  523.3  vol=0.90  pan=+0.22  bri= 9000  rv=0.14  oct+1  [CONTEXT]
t+67922.609s   tokens      out=   138 cr=100%  tokens                     flute   hz=  130.8  vol=0.50  pan=+0.00  bri=  808  rv=0.02  oct-1  [CONTEXT]
t+67922.609s   tool_call   Bash            bash_run     kick    hz=  293.7  vol=1.00  pan=-0.32  bri= 2800  rv=0.03         [SYSTEM ]
t+67928.608s   tokens      out=   129 cr=100%  tokens                     flute   hz=  130.8  vol=0.50  pan=+0.00  bri=  807  rv=0.02  oct-1  [CONTEXT]
t+67928.608s   words         17w "1145/1145 passing. Now updat"  words        bell    hz=  523.3  vol=0.90  pan=+0.22  bri= 9000  rv=0.14  oct+1  [CONTEXT]
t+67929.321s   tokens      out=   129 cr=100%  tokens                     flute   hz=  130.8  vol=0.50  pan=+0.00  bri=  807  rv=0.02  oct-1  [CONTEXT]
t+67929.321s   tool_call   Read            read         harp    hz=    392  vol=0.65  pan=+0.05  bri= 6500  rv=0.05         [FILE   ]
t+67931.787s   tokens      out=   100 cr=100%  tokens                     flute   hz=  130.8  vol=0.50  pan=+0.00  bri=  805  rv=0.02  oct-1  [CONTEXT]
t+67931.787s   tool_call   Read            read         harp    hz=    392  vol=0.65  pan=+0.05  bri= 6500  rv=0.05         [FILE   ]
t+67935.872s   tokens      out=   257 cr=100%  tokens                     flute   hz=  130.8  vol=0.50  pan=+0.00  bri=  813  rv=0.02  oct-1  [CONTEXT]
t+67935.872s   tool_call   Edit            edit         pling   hz=    392  vol=1.00  pan=-0.12  bri= 8500  rv=0.04         [FILE   ]
t+67938.275s   tokens      out=    91 cr=100%  tokens                     flute   hz=  130.8  vol=0.50  pan=+0.00  bri=  805  rv=0.02  oct-1  [CONTEXT]
t+67938.275s   words          9w "Now save a memory about the "  words        bell    hz=  523.3  vol=0.90  pan=+0.22  bri= 9000  rv=0.14  oct+1  [CONTEXT]
t+67938.987s   tokens      out=    91 cr=100%  tokens                     flute   hz=  130.8  vol=0.50  pan=+0.00  bri=  805  rv=0.02  oct-1  [CONTEXT]
t+67938.987s   tool_call   Read            read         harp    hz=  261.6  vol=0.65  pan=+0.05  bri= 6500  rv=0.05         [FILE   ]
t+67952.546s   tokens      out=   598 cr= 99%  tokens                     flute   hz=  130.8  vol=0.50  pan=+0.00  bri=  831  rv=0.02  oct-1  [CONTEXT]
t+67952.546s   tool_call   Write           write        bass    hz=    392  vol=1.30  pan=-0.20  bri=10000  rv=0.04         [FILE   ]
t+67956.673s   tokens      out=   300 cr=100%  tokens                     flute   hz=  130.8  vol=0.50  pan=+0.00  bri=  815  rv=0.02  oct-1  [CONTEXT]
t+67956.673s   tool_call   Edit            edit         pling   hz=  261.6  vol=1.00  pan=-0.12  bri= 8500  rv=0.04         [FILE   ]
t+67959.203s   tokens      out=    96 cr=100%  tokens                     flute   hz=  130.8  vol=0.50  pan=+0.00  bri=  805  rv=0.02  oct-1  [CONTEXT]
t+67959.203s   words         11w "Also update the TDD memory t"  words        bell    hz=  523.3  vol=0.90  pan=+0.22  bri= 9000  rv=0.14  oct+1  [CONTEXT]
t+67959.266s   tokens      out=    96 cr=100%  tokens                     flute   hz=  130.8  vol=0.50  pan=+0.00  bri=  805  rv=0.02  oct-1  [CONTEXT]
t+67959.266s   tool_call   Read            read         harp    hz=  261.6  vol=0.65  pan=+0.05  bri= 6500  rv=0.05         [FILE   ]
t+67963.394s   tokens      out=   218 cr=100%  tokens                     flute   hz=  130.8  vol=0.50  pan=+0.00  bri=  811  rv=0.02  oct-1  [CONTEXT]
t+67963.394s   tool_call   Edit            edit         pling   hz=  261.6  vol=1.00  pan=-0.12  bri= 8500  rv=0.04         [FILE   ]
t+67970.221s   tokens      out=   219 cr=100%  tokens                     flute   hz=  130.8  vol=0.50  pan=+0.00  bri=  811  rv=0.02  oct-1  [CONTEXT]
t+67970.221s   words        107w "All 69 new tests pass, total"  words        bell    hz=  523.3  vol=0.90  pan=+0.22  bri= 9000  rv=0.14  oct+1  [CONTEXT]
t+68098.050s   tokens      out=   650 cr= 96%  tokens                     flute   hz=  130.8  vol=0.50  pan=+0.00  bri=  966  rv=0.02  oct-1  [CONTEXT]
t+68098.116s   tokens      out=   650 cr= 96%  tokens                     flute   hz=  130.8  vol=0.50  pan=+0.00  bri=  966  rv=0.02  oct-1  [CONTEXT]
t+68098.116s   words         12w "Let me first find what sessi"  words        bell    hz=  523.3  vol=0.90  pan=+0.22  bri= 9000  rv=0.14  oct+1  [CONTEXT]
t+68100.903s   tokens      out=   650 cr= 96%  tokens                     flute   hz=  130.8  vol=0.50  pan=+0.00  bri=  966  rv=0.02  oct-1  [CONTEXT]
t+68100.903s   tool_call   Bash            bash_run     kick    hz=    440  vol=1.00  pan=-0.32  bri= 2800  rv=0.03         [SYSTEM ]
t+68109.126s   tokens      out=   439 cr= 99%  tokens                     flute   hz=  130.8  vol=0.50  pan=+0.00  bri=  822  rv=0.02  oct-1  [CONTEXT]
t+68110.166s   tokens      out=   439 cr= 99%  tokens                     flute   hz=  130.8  vol=0.50  pan=+0.00  bri=  822  rv=0.02  oct-1  [CONTEXT]
t+68110.166s   words         20w "Those are all Claude session"  words        bell    hz=  523.3  vol=0.90  pan=+0.22  bri= 9000  rv=0.14  oct+1  [CONTEXT]
t+68113.120s   tokens      out=   439 cr= 99%  tokens                     flute   hz=  130.8  vol=0.50  pan=+0.00  bri=  822  rv=0.02  oct-1  [CONTEXT]
t+68113.120s   tool_call   Bash            bash_run     kick    hz=    440  vol=1.00  pan=-0.32  bri= 2800  rv=0.03         [SYSTEM ]
t+68126.486s   tokens      out=   336 cr=100%  tokens                     flute   hz=  130.8  vol=0.50  pan=+0.00  bri=  816  rv=0.02  oct-1  [CONTEXT]
t+68126.486s   tool_call   Bash            bash_run     kick    hz=    440  vol=1.00  pan=-0.32  bri= 2800  rv=0.03         [SYSTEM ]
t+68149.942s   tokens      out=   854 cr= 99%  tokens                     flute   hz=  130.8  vol=0.50  pan=+0.00  bri=  841  rv=0.02  oct-1  [CONTEXT]
t+68150.891s   tokens      out=   854 cr= 99%  tokens                     flute   hz=  130.8  vol=0.50  pan=+0.00  bri=  841  rv=0.02  oct-1  [CONTEXT]
t+68150.891s   words         18w "Found Grok sessions at `~/.g"  words        bell    hz=  523.3  vol=0.90  pan=+0.22  bri= 9000  rv=0.14  oct+1  [CONTEXT]
t+68153.412s   tokens      out=   854 cr= 99%  tokens                     flute   hz=  130.8  vol=0.50  pan=+0.00  bri=  841  rv=0.02  oct-1  [CONTEXT]
t+68153.412s   tool_call   Bash            bash_run     kick    hz=    440  vol=1.00  pan=-0.32  bri= 2800  rv=0.03         [SYSTEM ]
t+68159.963s   tokens      out=   294 cr=100%  tokens                     flute   hz=  130.8  vol=0.50  pan=+0.00  bri=  814  rv=0.02  oct-1  [CONTEXT]
t+68159.963s   tool_call   Bash            bash_run     kick    hz=  329.6  vol=1.00  pan=-0.32  bri= 2800  rv=0.03         [SYSTEM ]
t+68166.615s   tokens      out=   317 cr=100%  tokens                     flute   hz=  130.8  vol=0.50  pan=+0.00  bri=  815  rv=0.02  oct-1  [CONTEXT]
t+68166.615s   tool_call   Bash            bash_run     kick    hz=    440  vol=1.00  pan=-0.32  bri= 2800  rv=0.03         [SYSTEM ]
t+68173.638s   tokens      out=   312 cr=100%  tokens                     flute   hz=  130.8  vol=0.50  pan=+0.00  bri=  815  rv=0.02  oct-1  [CONTEXT]
t+68174.574s   tokens      out=   312 cr=100%  tokens                     flute   hz=  130.8  vol=0.50  pan=+0.00  bri=  815  rv=0.02  oct-1  [CONTEXT]
t+68174.574s   words         18w "Good — Grok uses `type:'assi"  words        bell    hz=  523.3  vol=0.90  pan=+0.22  bri= 9000  rv=0.14  oct+1  [CONTEXT]
t+68174.585s   tokens      out=   312 cr=100%  tokens                     flute   hz=  130.8  vol=0.50  pan=+0.00  bri=  815  rv=0.02  oct-1  [CONTEXT]
t+68174.585s   tool_call   Read            read         harp    hz=    440  vol=0.65  pan=+0.05  bri= 6500  rv=0.05         [FILE   ]
t+68180.896s   tokens      out=   747 cr= 99%  tokens                     flute   hz=  130.8  vol=0.50  pan=+0.00  bri=  834  rv=0.02  oct-1  [CONTEXT]
t+68181.738s   tokens      out=   747 cr= 99%  tokens                     flute   hz=  130.8  vol=0.50  pan=+0.00  bri=  834  rv=0.02  oct-1  [CONTEXT]
t+68181.738s   words         23w "So Grok uses `updates.jsonl`"  words        bell    hz=  523.3  vol=0.90  pan=+0.22  bri= 9000  rv=0.14  oct+1  [CONTEXT]
t+68188.190s   tokens      out=   747 cr= 99%  tokens                     flute   hz=  130.8  vol=0.50  pan=+0.00  bri=  834  rv=0.02  oct-1  [CONTEXT]
t+68188.190s   tool_call   Bash            bash_run     kick    hz=    392  vol=1.00  pan=-0.32  bri= 2800  rv=0.03         [SYSTEM ]
t+68215.651s   tokens      out=  1645 cr= 98%  tokens                     flute   hz=  130.8  vol=0.50  pan=+0.00  bri=  871  rv=0.02  oct-1  [CONTEXT]
t+68216.926s   tokens      out=  1645 cr= 98%  tokens                     flute   hz=  130.8  vol=0.50  pan=+0.00  bri=  871  rv=0.02  oct-1  [CONTEXT]
t+68216.926s   words         35w "Good. The Grok harness auto-"  words        bell    hz=  523.3  vol=0.90  pan=+0.22  bri= 9000  rv=0.14  oct+1  [CONTEXT]
t+68219.711s   tokens      out=  1645 cr= 98%  tokens                     flute   hz=  130.8  vol=0.50  pan=+0.00  bri=  871  rv=0.02  oct-1  [CONTEXT]
t+68219.711s   tool_call   Bash            bash_run     kick    hz=  293.7  vol=1.00  pan=-0.32  bri= 2800  rv=0.03         [SYSTEM ]
t+68226.308s   tokens      out=   576 cr= 99%  tokens                     flute   hz=  130.8  vol=0.50  pan=+0.00  bri=  825  rv=0.02  oct-1  [CONTEXT]
t+68226.308s   words         32w "`019eacc0` is today's most r"  words        bell    hz=  523.3  vol=0.90  pan=+0.22  bri= 9000  rv=0.14  oct+1  [CONTEXT]
t+68232.478s   tokens      out=   576 cr= 99%  tokens                     flute   hz=  130.8  vol=0.50  pan=+0.00  bri=  825  rv=0.02  oct-1  [CONTEXT]
t+68232.478s   tool_call   Bash            bash_run     kick    hz=    440  vol=1.00  pan=-0.32  bri= 2800  rv=0.03         [SYSTEM ]
t+68248.880s   tokens      out=   714 cr= 99%  tokens                     flute   hz=  130.8  vol=0.50  pan=+0.00  bri=  830  rv=0.02  oct-1  [CONTEXT]
t+68249.493s   tokens      out=   714 cr= 99%  tokens                     flute   hz=  130.8  vol=0.50  pan=+0.00  bri=  830  rv=0.02  oct-1  [CONTEXT]
t+68249.493s   words          5w "Now the Claude session trans"  words        bell    hz=  523.3  vol=0.90  pan=+0.22  bri= 9000  rv=0.14  oct+1  [CONTEXT]
t+68251.848s   tokens      out=   714 cr= 99%  tokens                     flute   hz=  130.8  vol=0.50  pan=+0.00  bri=  830  rv=0.02  oct-1  [CONTEXT]
t+68251.848s   tool_call   Bash            bash_run     kick    hz=    440  vol=1.00  pan=-0.32  bri= 2800  rv=0.03         [SYSTEM ]
t+68257.202s   tokens      out=   150 cr=100%  tokens                     flute   hz=  130.8  vol=0.50  pan=+0.00  bri=  806  rv=0.02  oct-1  [CONTEXT]
t+68257.202s   tool_call   Bash            bash_run     kick    hz=    440  vol=1.00  pan=-0.32  bri= 2800  rv=0.03         [SYSTEM ]
t+68270.045s   tokens      out=  2207 cr= 98%  tokens                     flute   hz=  130.8  vol=0.50  pan=+0.00  bri=  888  rv=0.02  oct-1  [CONTEXT]
t+68270.596s   tokens      out=  2207 cr= 98%  tokens                     flute   hz=  130.8  vol=0.50  pan=+0.00  bri=  888  rv=0.02  oct-1  [CONTEXT]
t+68270.596s   words         12w "Let me save both to snapshot"  words        bell    hz=  523.3  vol=0.90  pan=+0.22  bri= 9000  rv=0.14  oct+1  [CONTEXT]
t+68293.166s   tokens      out=  2207 cr= 98%  tokens                     flute   hz=  130.8  vol=0.50  pan=+0.00  bri=  888  rv=0.02  oct-1  [CONTEXT]
t+68293.166s   tool_call   Bash            bash_run     kick    hz=    440  vol=1.00  pan=-0.32  bri= 2800  rv=0.03         [SYSTEM ]
t+68315.555s   tokens      out=   793 cr= 99%  tokens                     flute   hz=  130.8  vol=0.50  pan=+0.00  bri=  832  rv=0.02  oct-1  [CONTEXT]
t+68315.555s   words        400w "Both transcripts written to "  words        bell    hz=  523.3  vol=0.90  pan=+0.22  bri= 9000  rv=0.14  oct+1  [CONTEXT]
t+68405.029s   tokens      out=  2570 cr= 98%  tokens                     flute   hz=  130.8  vol=0.50  pan=+0.00  bri=  898  rv=0.02  oct-1  [CONTEXT]
t+68427.346s   tokens      out=  2570 cr= 98%  tokens                     flute   hz=  130.8  vol=0.50  pan=+0.00  bri=  898  rv=0.02  oct-1  [CONTEXT]
t+68427.346s   words        593w "From the comparison, there a"  words        bell    hz=  523.3  vol=0.90  pan=+0.22  bri= 9000  rv=0.14  oct+1  [CONTEXT]
t+68546.680s   tokens      out=  5179 cr= 96%  tokens                     flute   hz=  130.8  vol=0.50  pan=+0.00  bri=  988  rv=0.02  oct-1  [CONTEXT]
t+68546.845s   tokens      out=  5179 cr= 96%  tokens                     flute   hz=  130.8  vol=0.50  pan=+0.00  bri=  988  rv=0.02  oct-1  [CONTEXT]
t+68546.845s   tool_call   Read            read         harp    hz=    392  vol=0.65  pan=+0.05  bri= 6500  rv=0.05         [FILE   ]
t+68550.266s   tokens      out=    99 cr=100%  tokens                     flute   hz=  130.8  vol=0.50  pan=+0.00  bri=  804  rv=0.02  oct-1  [CONTEXT]
t+68550.266s   tool_call   Bash            bash_other   hat     hz=  329.6  vol=0.55  pan=-0.30  bri= 4000  rv=0.02         [SYSTEM ]
t+68553.411s   tokens      out=   119 cr=100%  tokens                     flute   hz=  130.8  vol=0.50  pan=+0.00  bri=  804  rv=0.02  oct-1  [CONTEXT]
t+68553.411s   tool_call   Bash            bash_other   hat     hz=  329.6  vol=0.55  pan=-0.30  bri= 4000  rv=0.02         [SYSTEM ]
t+68558.308s   tokens      out=    89 cr=100%  tokens                     flute   hz=  130.8  vol=0.50  pan=+0.00  bri=  803  rv=0.02  oct-1  [CONTEXT]
t+68558.308s   tool_call   PowerShell      bash_other   hat     hz=  329.6  vol=0.55  pan=-0.30  bri= 4000  rv=0.02         [SYSTEM ]
t+68562.432s   tokens      out=   102 cr=100%  tokens                     flute   hz=  130.8  vol=0.50  pan=+0.00  bri=  804  rv=0.02  oct-1  [CONTEXT]
t+68562.432s   tool_call   PowerShell      bash_other   hat     hz=  293.7  vol=0.55  pan=-0.30  bri= 4000  rv=0.02         [SYSTEM ]
t+68578.779s   tokens      out=  4571 cr= 96%  tokens                     flute   hz=  130.8  vol=0.50  pan=+0.00  bri=  959  rv=0.02  oct-1  [CONTEXT]
t+68579.741s   tokens      out=  4571 cr= 96%  tokens                     flute   hz=  130.8  vol=0.50  pan=+0.00  bri=  959  rv=0.02  oct-1  [CONTEXT]
t+68579.741s   words         25w "Good — `.claude/commands/` n"  words        bell    hz=  523.3  vol=0.90  pan=+0.22  bri= 9000  rv=0.14  oct+1  [CONTEXT]
t+68629.690s   tokens      out=  4571 cr= 96%  tokens                     flute   hz=  130.8  vol=0.50  pan=+0.00  bri=  959  rv=0.02  oct-1  [CONTEXT]
t+68629.690s   tool_call   Write           write        bass    hz=    392  vol=1.30  pan=-0.20  bri=10000  rv=0.04         [FILE   ]
t+68634.797s   tokens      out=   289 cr=100%  tokens                     flute   hz=  130.8  vol=0.50  pan=+0.00  bri=  810  rv=0.02  oct-1  [CONTEXT]
t+68634.797s   tool_call   Write           write        bass    hz=  261.6  vol=1.30  pan=-0.20  bri=10000  rv=0.04         [FILE   ]
t+68637.976s   tokens      out=    91 cr=100%  tokens                     flute   hz=  130.8  vol=0.50  pan=+0.00  bri=  803  rv=0.02  oct-1  [CONTEXT]
t+68637.976s   tool_call   Bash            bash_other   hat     hz=  261.6  vol=0.55  pan=-0.30  bri= 4000  rv=0.02         [SYSTEM ]
t+68642.270s   tokens      out=    79 cr=100%  tokens                     flute   hz=  130.8  vol=0.50  pan=+0.00  bri=  803  rv=0.02  oct-1  [CONTEXT]
t+68642.270s   tool_call   Glob            grep_glob    bit     hz=  293.7  vol=0.55  pan=+0.10  bri= 5000  rv=0.03         [FILE   ]
t+68644.799s   tokens      out=    65 cr=100%  tokens                     flute   hz=  130.8  vol=0.50  pan=+0.00  bri=  802  rv=0.02  oct-1  [CONTEXT]
t+68644.799s   tool_call   Read            read         harp    hz=  261.6  vol=0.65  pan=+0.05  bri= 6500  rv=0.05         [FILE   ]
t+68649.400s   tokens      out=   355 cr=100%  tokens                     flute   hz=  130.8  vol=0.50  pan=+0.00  bri=  812  rv=0.02  oct-1  [CONTEXT]
t+68649.400s   tool_call   Edit            edit         pling   hz=  261.6  vol=1.00  pan=-0.12  bri= 8500  rv=0.04         [FILE   ]
t+68652.623s   tokens      out=   116 cr=100%  tokens                     flute   hz=  130.8  vol=0.50  pan=+0.00  bri=  804  rv=0.02  oct-1  [CONTEXT]
t+68652.623s   words          4w "Now the project skill:"        words        bell    hz=  523.3  vol=0.90  pan=+0.22  bri= 9000  rv=0.14  oct+1  [CONTEXT]
t+68653.362s   tokens      out=   116 cr=100%  tokens                     flute   hz=  130.8  vol=0.50  pan=+0.00  bri=  804  rv=0.02  oct-1  [CONTEXT]
t+68653.362s   tool_call   PowerShell      bash_other   hat     hz=  329.6  vol=0.55  pan=-0.30  bri= 4000  rv=0.02         [SYSTEM ]
t+68708.863s   tokens      out=  1277 cr= 99%  tokens                     flute   hz=  130.8  vol=0.50  pan=+0.00  bri=  843  rv=0.02  oct-1  [CONTEXT]
t+68708.863s   tool_call   Write           write        bass    hz=    440  vol=1.30  pan=-0.20  bri=10000  rv=0.04         [FILE   ]
t+68716.074s   tokens      out=   126 cr=100%  tokens                     flute   hz=  130.8  vol=0.50  pan=+0.00  bri=  804  rv=0.02  oct-1  [CONTEXT]
t+68716.074s   words         20w "Now verify it all works — te"  words        bell    hz=  523.3  vol=0.90  pan=+0.22  bri= 9000  rv=0.14  oct+1  [CONTEXT]
t+68716.593s   tokens      out=   126 cr=100%  tokens                     flute   hz=  130.8  vol=0.50  pan=+0.00  bri=  804  rv=0.02  oct-1  [CONTEXT]
t+68716.593s   tool_call   Bash            bash_run     kick    hz=    440  vol=1.00  pan=-0.32  bri= 2800  rv=0.03         [SYSTEM ]
t+68722.494s   tokens      out=   125 cr=100%  tokens                     flute   hz=  130.8  vol=0.50  pan=+0.00  bri=  804  rv=0.02  oct-1  [CONTEXT]
t+68722.494s   tool_call   Bash            bash_run     kick    hz=  329.6  vol=1.00  pan=-0.32  bri= 2800  rv=0.03         [SYSTEM ]
t+68727.512s   tokens      out=    95 cr=100%  tokens                     flute   hz=  130.8  vol=0.50  pan=+0.00  bri=  803  rv=0.02  oct-1  [CONTEXT]
t+68727.512s   tool_call   Bash            bash_run     kick    hz=    392  vol=1.00  pan=-0.32  bri= 2800  rv=0.03         [SYSTEM ]
t+68732.862s   tokens      out=    86 cr=100%  tokens                     flute   hz=  130.8  vol=0.50  pan=+0.00  bri=  803  rv=0.02  oct-1  [CONTEXT]
t+68732.862s   tool_call   Bash            bash_run     kick    hz=    392  vol=1.00  pan=-0.32  bri= 2800  rv=0.03         [SYSTEM ]
t+68739.817s   tokens      out=    96 cr=100%  tokens                     flute   hz=  130.8  vol=0.50  pan=+0.00  bri=  803  rv=0.02  oct-1  [CONTEXT]
t+68739.817s   tool_call   Bash            bash_run     kick    hz=  261.6  vol=1.00  pan=-0.32  bri= 2800  rv=0.03         [SYSTEM ]
